digraph {
  "exe:lib-or-exe" [label="lib-or-exe",shape=diamond]
  "exe:prog1" [label="prog1",shape=diamond]
  "exe:prog2" [label="prog2",shape=diamond]
  "exe:prog3" [label="prog3",shape=diamond]
  "exe:prog4" [label="prog4",shape=diamond]
  "lib:ext1" [label="ext1",style=filled]
  "lib:ext2" [label="ext2",style=filled]
  "lib:ext3" [label="ext3",style=filled]
  "lib:lib-or-exe" [label="lib-or-exe"]
  "lib:lib1" [label="lib1"]
  "lib:lib2" [label="lib2"]
  "lib:lib3" [label="lib3"]
  "lib:lib4" [label="lib4"]
  "lib:lib5" [label="lib5"]
  "lib:more" [label="more"]
  "exe:lib-or-exe" -> "lib:lib-or-exe"
  "exe:prog1" -> "lib:lib1"
  "exe:prog1" -> "lib:lib2"
  "exe:prog1" -> "lib:lib3"
  "exe:prog2" -> "lib:lib1"
  "exe:prog2" -> "lib:lib3"
  "exe:prog2" -> "lib:ext1"
  "exe:prog3" -> "lib:lib1"
  "exe:prog3" -> "lib:lib3"
  "exe:prog3" -> "lib:ext1"
  "exe:prog4" -> "lib:lib4"
  "lib:lib2" -> "lib:lib4"
  "lib:lib2" -> "lib:lib5"
  "lib:lib2" -> "lib:ext2"
  "lib:lib3" -> "lib:lib4"
  "lib:lib3" -> "lib:lib5"
  "lib:lib3" -> "lib:ext2"
  "lib:lib4" -> "lib:lib1"
  "lib:lib4" -> "lib:ext3"
  "lib:lib5" -> "lib:lib1"
  "lib:lib5" -> "lib:ext3"
  "lib:more" -> "lib:lib1"
}
